Command line:
   D_latch_tb_isim_beh.exe
     -simmode  gui
     -simrunnum  0
     -socket  55500

Fri Jun  5 03:32:59 2026


 Elaboration Time: 0.07 sec

 Current Memory Usage: 215.233 Meg

 Total Signals          : 16
 Total Nets             : 16
 Total Signal Drivers   : 8
 Total Blocks           : 3
 Total Primitive Blocks : 2
 Total Processes        : 13
 Total Traceable Variables  : 21
 Total Scalar Nets and Variables : 99
Total Line Count : 26

 Total Simulation Time: 0.07 sec

 Current Memory Usage: 292.831 Meg

Fri Jun  5 03:33:37 2026

