Command line:
   Asynchronous_Counter_tb_isim_beh.exe
     -simmode  gui
     -simrunnum  0
     -socket  50269

Fri Jun  5 06:28:11 2026


 Elaboration Time: 0.04 sec

 Current Memory Usage: 215.237 Meg

 Total Signals          : 27
 Total Nets             : 23
 Total Signal Drivers   : 15
 Total Blocks           : 6
 Total Primitive Blocks : 4
 Total Processes        : 25
 Total Traceable Variables  : 22
 Total Scalar Nets and Variables : 107
Total Line Count : 40

 Total Simulation Time: 0.05 sec

 Current Memory Usage: 292.835 Meg

Fri Jun  5 06:31:27 2026

