Command line:
   tb_isim_beh.exe
     -simmode  gui
     -simrunnum  0
     -socket  43480

Thu Jun  4 04:07:51 2026


 Elaboration Time: 0.05 sec

 Current Memory Usage: 215.237 Meg

 Total Signals          : 18
 Total Nets             : 25
 Total Signal Drivers   : 10
 Total Blocks           : 3
 Total Primitive Blocks : 2
 Total Processes        : 15
 Total Traceable Variables  : 23
 Total Scalar Nets and Variables : 117
Total Line Count : 37

 Total Simulation Time: 0.06 sec

 Current Memory Usage: 292.835 Meg

Thu Jun  4 04:08:05 2026

