Command line:
   CK_1HZ_tb_isim_beh.exe
     -simmode  gui
     -simrunnum  0
     -socket  55023

Thu Jun 11 02:15:13 2026


 Elaboration Time: 0.03 sec

 Current Memory Usage: 215.241 Meg

 Total Signals          : 15
 Total Nets             : 15
 Total Signal Drivers   : 7
 Total Blocks           : 3
 Total Primitive Blocks : 2
 Total Processes        : 13
 Total Traceable Variables  : 21
 Total Scalar Nets and Variables : 122
Total Line Count : 28

 Total Simulation Time: 110.77 sec

 Current Memory Usage: 292.839 Meg

Thu Jun 11 02:18:28 2026

