Running: /opt/Xilinx/14.7/ISE_DS/ISE/bin/lin64/unwrapped/fuse -intstyle ise -incremental -lib unisims_ver -lib unimacro_ver -lib xilinxcorelib_ver -o /home/ise/Study/IC-and-Systems-Design-Subject/Register_C6/Register_C6_Simulation/Shift_SISO_tb_isim_beh.exe -prj /home/ise/Study/IC-and-Systems-Design-Subject/Register_C6/Register_C6_Simulation/Shift_SISO_tb_beh.prj work.Shift_SISO_tb work.glbl 
ISim P.20131013 (signature 0xfbc00daa)
Number of CPUs detected in this system: 1
Turning on mult-threading, number of parallel sub-compilation jobs: 0 
Determining compilation order of HDL files
Analyzing Verilog file "/home/ise/Study/IC-and-Systems-Design-Subject/Register_C6/Register_C6_Simulation/../design.v" into library work
Analyzing Verilog file "/home/ise/Study/IC-and-Systems-Design-Subject/Register_C6/Register_C6_Simulation/../testbench.v" into library work
Analyzing Verilog file "/opt/Xilinx/14.7/ISE_DS/ISE//verilog/src/glbl.v" into library work
Starting static elaboration
Completed static elaboration
Fuse Memory Usage: 94924 KB
Fuse CPU Usage: 860 ms
Compiling module Shift_SISO
Compiling module Shift_SISO_tb
Compiling module glbl
Time Resolution for simulation is 1ps.
Compiled 3 Verilog Units
Built simulation executable /home/ise/Study/IC-and-Systems-Design-Subject/Register_C6/Register_C6_Simulation/Shift_SISO_tb_isim_beh.exe
Fuse Memory Usage: 98036 KB
Fuse CPU Usage: 900 ms
GCC CPU Usage: 190 ms
