Running: /opt/Xilinx/14.7/ISE_DS/ISE/bin/lin64/unwrapped/fuse -intstyle ise -incremental -lib unisims_ver -lib unimacro_ver -lib xilinxcorelib_ver -o /home/ise/Verilog_project/LED_DICH/LED_DICH_TTR_TNV/LED_DICH_TTR_TNV_Simu/tb_isim_beh.exe -prj /home/ise/Verilog_project/LED_DICH/LED_DICH_TTR_TNV/LED_DICH_TTR_TNV_Simu/tb_beh.prj work.tb work.glbl 
ISim P.20131013 (signature 0xfbc00daa)
Number of CPUs detected in this system: 1
Turning on mult-threading, number of parallel sub-compilation jobs: 0 
Determining compilation order of HDL files
Analyzing Verilog file "/home/ise/Verilog_project/LED_DICH/LED_DICH_TTR_TNV/LED_DICH_TTR_TNV_Simu/../design.v" into library work
Analyzing Verilog file "/home/ise/Verilog_project/LED_DICH/LED_DICH_TTR_TNV/LED_DICH_TTR_TNV_Simu/../tb.v" into library work
Analyzing Verilog file "/opt/Xilinx/14.7/ISE_DS/ISE//verilog/src/glbl.v" into library work
Starting static elaboration
Completed static elaboration
Fuse Memory Usage: 94936 KB
Fuse CPU Usage: 1380 ms
Compiling module led_sang_dich_ttr_tnv
Compiling module tb
Compiling module glbl
Time Resolution for simulation is 1ps.
Compiled 3 Verilog Units
Built simulation executable /home/ise/Verilog_project/LED_DICH/LED_DICH_TTR_TNV/LED_DICH_TTR_TNV_Simu/tb_isim_beh.exe
Fuse Memory Usage: 98048 KB
Fuse CPU Usage: 1470 ms
GCC CPU Usage: 430 ms
