Command line:
   tb_isim_beh.exe
     -simmode  gui
     -simrunnum  0
     -socket  51634

Fri Jun  5 08:20:14 2026


 Elaboration Time: 0.04 sec

 Current Memory Usage: 215.237 Meg

 Total Signals          : 18
 Total Nets             : 25
 Total Signal Drivers   : 10
 Total Blocks           : 3
 Total Primitive Blocks : 2
 Total Processes        : 14
 Total Traceable Variables  : 23
 Total Scalar Nets and Variables : 117
Total Line Count : 44

 Total Simulation Time: 0.04 sec

 Current Memory Usage: 292.835 Meg

Fri Jun  5 08:22:05 2026

