Command line:
   DEM_8bit_1Hz_tb_isim_beh.exe
     -simmode  gui
     -simrunnum  0
     -socket  43879

Thu Jun 11 04:21:53 2026


 Elaboration Time: 0.04 sec

 Current Memory Usage: 215.245 Meg

 Total Signals          : 25
 Total Nets             : 26
 Total Signal Drivers   : 11
 Total Blocks           : 5
 Total Primitive Blocks : 3
 Total Processes        : 18
 Total Traceable Variables  : 25
 Total Scalar Nets and Variables : 144
Total Line Count : 44

 Total Simulation Time: 0.05 sec

 Current Memory Usage: 292.844 Meg

Thu Jun 11 04:22:19 2026

