Command line:
   tb_isim_beh.exe
     -simmode  gui
     -simrunnum  0
     -socket  59101

Thu Jun  4 03:47:17 2026


 Elaboration Time: 0.06 sec

 Current Memory Usage: 215.241 Meg

 Total Signals          : 18
 Total Nets             : 25
 Total Signal Drivers   : 10
 Total Blocks           : 3
 Total Primitive Blocks : 2
 Total Processes        : 14
 Total Traceable Variables  : 23
 Total Scalar Nets and Variables : 117
Total Line Count : 42

 Total Simulation Time: 0.07 sec

 Current Memory Usage: 292.839 Meg

Thu Jun  4 03:47:58 2026

