Running: /opt/Xilinx/14.7/ISE_DS/ISE/bin/lin64/unwrapped/fuse -intstyle ise -incremental -lib unisims_ver -lib unimacro_ver -lib xilinxcorelib_ver -o /home/ise/IC-and-Systems-Design-Subject/D_Latch/D_Latch_Simulation/D_latch_tb_isim_beh.exe -prj /home/ise/IC-and-Systems-Design-Subject/D_Latch/D_Latch_Simulation/D_latch_tb_beh.prj work.D_latch_tb work.glbl 
ISim P.20131013 (signature 0xfbc00daa)
Number of CPUs detected in this system: 1
Turning on mult-threading, number of parallel sub-compilation jobs: 0 
Determining compilation order of HDL files
Analyzing Verilog file "/home/ise/IC-and-Systems-Design-Subject/D_Latch/D_Latch_Simulation/../design.v" into library work
Analyzing Verilog file "/home/ise/IC-and-Systems-Design-Subject/D_Latch/D_Latch_Simulation/../testbench.v" into library work
Analyzing Verilog file "/opt/Xilinx/14.7/ISE_DS/ISE//verilog/src/glbl.v" into library work
Starting static elaboration
Completed static elaboration
Fuse Memory Usage: 94928 KB
Fuse CPU Usage: 810 ms
Compiling module D_latch
Compiling module D_latch_tb
Compiling module glbl
Time Resolution for simulation is 1ps.
Compiled 3 Verilog Units
Built simulation executable /home/ise/IC-and-Systems-Design-Subject/D_Latch/D_Latch_Simulation/D_latch_tb_isim_beh.exe
Fuse Memory Usage: 98040 KB
Fuse CPU Usage: 840 ms
GCC CPU Usage: 190 ms
