Command line:
   Synchronous_Counter_tb_isim_beh.exe
     -simmode  gui
     -simrunnum  0
     -socket  47356

Thu Jun 11 01:06:48 2026


 Elaboration Time: 0.07 sec

 Current Memory Usage: 215.237 Meg

 Total Signals          : 18
 Total Nets             : 31
 Total Signal Drivers   : 9
 Total Blocks           : 3
 Total Primitive Blocks : 2
 Total Processes        : 14
 Total Traceable Variables  : 23
 Total Scalar Nets and Variables : 185
Total Line Count : 28

 Total Simulation Time: 0.09 sec

 Current Memory Usage: 292.835 Meg

Thu Jun 11 01:40:16 2026

