Command line:
   Synchronous_Counter_tb_isim_beh.exe
     -simmode  gui
     -simrunnum  0
     -socket  55898

Fri Jun  5 06:49:45 2026


 Elaboration Time: 0.04 sec

 Current Memory Usage: 215.237 Meg

 Total Signals          : 28
 Total Nets             : 25
 Total Signal Drivers   : 17
 Total Blocks           : 7
 Total Primitive Blocks : 5
 Total Processes        : 29
 Total Traceable Variables  : 23
 Total Scalar Nets and Variables : 110
Total Line Count : 47

 Total Simulation Time: 0.04 sec

 Current Memory Usage: 292.835 Meg

Fri Jun  5 06:50:16 2026

