Command line:
   T_FF_tb_isim_beh.exe
     -simmode  gui
     -simrunnum  0
     -socket  38877

Fri Jun  5 06:17:12 2026


 Elaboration Time: 0.03 sec

 Current Memory Usage: 215.233 Meg

 Total Signals          : 17
 Total Nets             : 17
 Total Signal Drivers   : 9
 Total Blocks           : 3
 Total Primitive Blocks : 2
 Total Processes        : 13
 Total Traceable Variables  : 22
 Total Scalar Nets and Variables : 101
Total Line Count : 33

 Total Simulation Time: 0.03 sec

 Current Memory Usage: 292.831 Meg

Fri Jun  5 06:17:53 2026

