Command line:
   DEM_8bit_2Speed_tb_isim_beh.exe
     -simmode  gui
     -simrunnum  0
     -socket  33457

Thu Jun 11 05:07:53 2026


 Elaboration Time: 0.04 sec

 Current Memory Usage: 215.245 Meg

 Total Signals          : 27
 Total Nets             : 27
 Total Signal Drivers   : 12
 Total Blocks           : 5
 Total Primitive Blocks : 3
 Total Processes        : 20
 Total Traceable Variables  : 27
 Total Scalar Nets and Variables : 171
Total Line Count : 50

 Total Simulation Time: 0.07 sec

 Current Memory Usage: 292.844 Meg

Thu Jun 11 05:08:55 2026

