Running: /opt/Xilinx/14.7/ISE_DS/ISE/bin/lin64/unwrapped/fuse -intstyle ise -incremental -lib unisims_ver -lib unimacro_ver -lib xilinxcorelib_ver -o /home/ise/IC-and-Systems-Design-Subject/Synchronous_Counter/Synchronous_Counter_Simulation/Synchronous_Counter_tb_isim_beh.exe -prj /home/ise/IC-and-Systems-Design-Subject/Synchronous_Counter/Synchronous_Counter_Simulation/Synchronous_Counter_tb_beh.prj work.Synchronous_Counter_tb work.glbl 
ISim P.20131013 (signature 0xfbc00daa)
Number of CPUs detected in this system: 1
Turning on mult-threading, number of parallel sub-compilation jobs: 0 
Determining compilation order of HDL files
Analyzing Verilog file "/home/ise/IC-and-Systems-Design-Subject/Synchronous_Counter/Synchronous_Counter_Simulation/../design.v" into library work
Analyzing Verilog file "/home/ise/IC-and-Systems-Design-Subject/Synchronous_Counter/Synchronous_Counter_Simulation/../testbench.v" into library work
Analyzing Verilog file "/opt/Xilinx/14.7/ISE_DS/ISE//verilog/src/glbl.v" into library work
Starting static elaboration
WARNING:HDLCompiler:1016 - "/home/ise/IC-and-Systems-Design-Subject/Synchronous_Counter/Synchronous_Counter_Simulation/../design.v" Line 25: Port Qn is not connected to this instance
WARNING:HDLCompiler:1016 - "/home/ise/IC-and-Systems-Design-Subject/Synchronous_Counter/Synchronous_Counter_Simulation/../design.v" Line 26: Port Qn is not connected to this instance
WARNING:HDLCompiler:1016 - "/home/ise/IC-and-Systems-Design-Subject/Synchronous_Counter/Synchronous_Counter_Simulation/../design.v" Line 27: Port Qn is not connected to this instance
WARNING:HDLCompiler:1016 - "/home/ise/IC-and-Systems-Design-Subject/Synchronous_Counter/Synchronous_Counter_Simulation/../design.v" Line 28: Port Qn is not connected to this instance
Completed static elaboration
Fuse Memory Usage: 94928 KB
Fuse CPU Usage: 880 ms
Compiling module T_FF
Compiling module Synchronous_Counter
Compiling module Synchronous_Counter_tb
Compiling module glbl
Time Resolution for simulation is 1ps.
Compiled 4 Verilog Units
Built simulation executable /home/ise/IC-and-Systems-Design-Subject/Synchronous_Counter/Synchronous_Counter_Simulation/Synchronous_Counter_tb_isim_beh.exe
Fuse Memory Usage: 98036 KB
Fuse CPU Usage: 930 ms
GCC CPU Usage: 240 ms
