Running: /opt/Xilinx/14.7/ISE_DS/ISE/bin/lin64/unwrapped/fuse -intstyle ise -incremental -lib unisims_ver -lib unimacro_ver -lib xilinxcorelib_ver -o /home/ise/IC-and-Systems-Design-Subject/Dich_LED_TN_8bit_2Speed/Dich_LED_TN_8bit_2Speed_Simulation/tb_Dich_LED_TN_8bit_2Speed_isim_beh.exe -prj /home/ise/IC-and-Systems-Design-Subject/Dich_LED_TN_8bit_2Speed/Dich_LED_TN_8bit_2Speed_Simulation/tb_Dich_LED_TN_8bit_2Speed_beh.prj work.tb_Dich_LED_TN_8bit_2Speed work.glbl 
ISim P.20131013 (signature 0xfbc00daa)
Number of CPUs detected in this system: 1
Turning on mult-threading, number of parallel sub-compilation jobs: 0 
Determining compilation order of HDL files
Analyzing Verilog file "/home/ise/IC-and-Systems-Design-Subject/Dich_LED_TN_8bit_2Speed/Dich_LED_TN_8bit_2Speed_Simulation/../design.v" into library work
Analyzing Verilog file "/home/ise/IC-and-Systems-Design-Subject/Dich_LED_TN_8bit_2Speed/Dich_LED_TN_8bit_2Speed_Simulation/../testbench.v" into library work
Analyzing Verilog file "/opt/Xilinx/14.7/ISE_DS/ISE//verilog/src/glbl.v" into library work
Starting static elaboration
Completed static elaboration
Fuse Memory Usage: 94940 KB
Fuse CPU Usage: 1210 ms
Compiling module CK_DIV
Compiling module Dich_LED_TN_8bit
Compiling module Dich_LED_TN_8bit_2Speed
Compiling module tb_Dich_LED_TN_8bit_2Speed
Compiling module glbl
Time Resolution for simulation is 1ps.
Compiled 5 Verilog Units
Built simulation executable /home/ise/IC-and-Systems-Design-Subject/Dich_LED_TN_8bit_2Speed/Dich_LED_TN_8bit_2Speed_Simulation/tb_Dich_LED_TN_8bit_2Speed_isim_beh.exe
Fuse Memory Usage: 98052 KB
Fuse CPU Usage: 1320 ms
GCC CPU Usage: 790 ms
