Command line:
   CounterUD_tb_isim_beh.exe
     -simmode  gui
     -simrunnum  0
     -socket  47317

Thu Jun 11 01:46:43 2026


 Elaboration Time: 0.04 sec

 Current Memory Usage: 215.233 Meg

 Total Signals          : 19
 Total Nets             : 32
 Total Signal Drivers   : 10
 Total Blocks           : 3
 Total Primitive Blocks : 2
 Total Processes        : 15
 Total Traceable Variables  : 22
 Total Scalar Nets and Variables : 123
Total Line Count : 31

 Total Simulation Time: 0.04 sec

 Current Memory Usage: 292.831 Meg

Thu Jun 11 01:54:00 2026

