Command line:
   Dich_TSP_tb_isim_beh.exe
     -simmode  gui
     -simrunnum  0
     -socket  46206

Fri Jun  5 07:28:16 2026


 Elaboration Time: 0.03 sec

 Current Memory Usage: 215.233 Meg

 Total Signals          : 16
 Total Nets             : 23
 Total Signal Drivers   : 8
 Total Blocks           : 3
 Total Primitive Blocks : 2
 Total Processes        : 13
 Total Traceable Variables  : 21
 Total Scalar Nets and Variables : 113
Total Line Count : 28

 Total Simulation Time: 0.04 sec

 Current Memory Usage: 292.831 Meg

Fri Jun  5 07:28:52 2026

