Command line:
   Dan_TSP_tb_isim_beh.exe
     -simmode  gui
     -simrunnum  0
     -socket  41170

Fri Jun  5 08:07:23 2026


 Elaboration Time: 0.04 sec

 Current Memory Usage: 215.241 Meg

 Total Signals          : 16
 Total Nets             : 23
 Total Signal Drivers   : 8
 Total Blocks           : 3
 Total Primitive Blocks : 2
 Total Processes        : 13
 Total Traceable Variables  : 21
 Total Scalar Nets and Variables : 113
Total Line Count : 32

 Total Simulation Time: 0.04 sec

 Current Memory Usage: 292.839 Meg

Fri Jun  5 08:07:50 2026

