Command line:
   tb_isim_beh.exe
     -simmode  gui
     -simrunnum  0
     -socket  47130

Thu Jun  4 04:18:23 2026


 Elaboration Time: 0.11 sec

 Current Memory Usage: 215.237 Meg

 Total Signals          : 18
 Total Nets             : 25
 Total Signal Drivers   : 10
 Total Blocks           : 3
 Total Primitive Blocks : 2
 Total Processes        : 14
 Total Traceable Variables  : 23
 Total Scalar Nets and Variables : 117
Total Line Count : 40

 Total Simulation Time: 0.14 sec

 Current Memory Usage: 292.835 Meg

Thu Jun  4 04:18:45 2026

