Command line:
   CK_DIV_MODE_tb_isim_beh.exe
     -simmode  gui
     -simrunnum  0
     -socket  40237

Thu Jun 11 03:08:37 2026


 Elaboration Time: 0.05 sec

 Current Memory Usage: 215.237 Meg

 Total Signals          : 16
 Total Nets             : 17
 Total Signal Drivers   : 8
 Total Blocks           : 3
 Total Primitive Blocks : 2
 Total Processes        : 15
 Total Traceable Variables  : 23
 Total Scalar Nets and Variables : 151
Total Line Count : 38

 Total Simulation Time: 0.07 sec

 Current Memory Usage: 292.835 Meg

Thu Jun 11 03:08:45 2026

