Release 14.7 - xst P.20131013 (lin64)
Copyright (c) 1995-2013 Xilinx, Inc.  All rights reserved.
--> 
Parameter TMPDIR set to xst/projnav.tmp


Total REAL time to Xst completion: 0.00 secs
Total CPU time to Xst completion: 0.01 secs
 
--> 
Parameter xsthdpdir set to xst


Total REAL time to Xst completion: 0.00 secs
Total CPU time to Xst completion: 0.01 secs
 
--> 
Reading design: DEM_8bit_2Speed.prj

TABLE OF CONTENTS
  1) Synthesis Options Summary
  2) HDL Compilation
  3) Design Hierarchy Analysis
  4) HDL Analysis
  5) HDL Synthesis
     5.1) HDL Synthesis Report
  6) Advanced HDL Synthesis
     6.1) Advanced HDL Synthesis Report
  7) Low Level Synthesis
  8) Partition Report
  9) Final Report
	9.1) Device utilization summary
	9.2) Partition Resource Summary
	9.3) TIMING REPORT


=========================================================================
*                      Synthesis Options Summary                        *
=========================================================================
---- Source Parameters
Input File Name                    : "DEM_8bit_2Speed.prj"
Input Format                       : mixed
Ignore Synthesis Constraint File   : NO

---- Target Parameters
Output File Name                   : "DEM_8bit_2Speed"
Output Format                      : NGC
Target Device                      : xc3s500e-4-fg320

---- Source Options
Top Module Name                    : DEM_8bit_2Speed
Automatic FSM Extraction           : YES
FSM Encoding Algorithm             : Auto
Safe Implementation                : No
FSM Style                          : LUT
RAM Extraction                     : Yes
RAM Style                          : Auto
ROM Extraction                     : Yes
Mux Style                          : Auto
Decoder Extraction                 : YES
Priority Encoder Extraction        : Yes
Shift Register Extraction          : YES
Logical Shifter Extraction         : YES
XOR Collapsing                     : YES
ROM Style                          : Auto
Mux Extraction                     : Yes
Resource Sharing                   : YES
Asynchronous To Synchronous        : NO
Multiplier Style                   : Auto
Automatic Register Balancing       : No

---- Target Options
Add IO Buffers                     : YES
Global Maximum Fanout              : 500
Add Generic Clock Buffer(BUFG)     : 24
Register Duplication               : YES
Slice Packing                      : YES
Optimize Instantiated Primitives   : NO
Use Clock Enable                   : Yes
Use Synchronous Set                : Yes
Use Synchronous Reset              : Yes
Pack IO Registers into IOBs        : Auto
Equivalent register Removal        : YES

---- General Options
Optimization Goal                  : Speed
Optimization Effort                : 1
Keep Hierarchy                     : No
Netlist Hierarchy                  : As_Optimized
RTL Output                         : Yes
Global Optimization                : AllClockNets
Read Cores                         : YES
Write Timing Constraints           : NO
Cross Clock Analysis               : NO
Hierarchy Separator                : /
Bus Delimiter                      : <>
Case Specifier                     : Maintain
Slice Utilization Ratio            : 100
BRAM Utilization Ratio             : 100
Verilog 2001                       : YES
Auto BRAM Packing                  : NO
Slice Utilization Ratio Delta      : 5

=========================================================================


=========================================================================
*                          HDL Compilation                              *
=========================================================================
Compiling verilog file "../design.v" in library work
Module <CK_DIV> compiled
Module <DEM_8bit> compiled
Module <DEM_8bit_2Speed> compiled
No errors in compilation
Analysis of file <"DEM_8bit_2Speed.prj"> succeeded.
 

=========================================================================
*                     Design Hierarchy Analysis                         *
=========================================================================
Analyzing hierarchy for module <DEM_8bit_2Speed> in library <work>.

Analyzing hierarchy for module <CK_DIV> in library <work>.

Analyzing hierarchy for module <DEM_8bit> in library <work>.


=========================================================================
*                            HDL Analysis                               *
=========================================================================
Analyzing top module <DEM_8bit_2Speed>.
Module <DEM_8bit_2Speed> is correct for synthesis.
 
Analyzing module <CK_DIV> in library <work>.
Module <CK_DIV> is correct for synthesis.
 
Analyzing module <DEM_8bit> in library <work>.
Module <DEM_8bit> is correct for synthesis.
 

=========================================================================
*                           HDL Synthesis                               *
=========================================================================

Performing bidirectional port resolution...

Synthesizing Unit <CK_DIV>.
    Related source file is "../design.v".
    Found 1-bit register for signal <clkout>.
    Found 25-bit comparator equal for signal <clkout$cmp_eq0000> created at line 23.
    Found 25-bit up counter for signal <cnt>.
    Summary:
	inferred   1 Counter(s).
	inferred   1 D-type flip-flop(s).
	inferred   1 Comparator(s).
Unit <CK_DIV> synthesized.


Synthesizing Unit <DEM_8bit>.
    Related source file is "../design.v".
    Found 8-bit updown counter for signal <LED8>.
    Summary:
	inferred   1 Counter(s).
Unit <DEM_8bit> synthesized.


Synthesizing Unit <DEM_8bit_2Speed>.
    Related source file is "../design.v".
Unit <DEM_8bit_2Speed> synthesized.


=========================================================================
HDL Synthesis Report

Macro Statistics
# Counters                                             : 2
 25-bit up counter                                     : 1
 8-bit updown counter                                  : 1
# Registers                                            : 1
 1-bit register                                        : 1
# Comparators                                          : 1
 25-bit comparator equal                               : 1

=========================================================================

=========================================================================
*                       Advanced HDL Synthesis                          *
=========================================================================


=========================================================================
Advanced HDL Synthesis Report

Macro Statistics
# Counters                                             : 2
 25-bit up counter                                     : 1
 8-bit updown counter                                  : 1
# Registers                                            : 1
 Flip-Flops                                            : 1
# Comparators                                          : 1
 25-bit comparator equal                               : 1

=========================================================================

=========================================================================
*                         Low Level Synthesis                           *
=========================================================================

Optimizing unit <DEM_8bit_2Speed> ...

Mapping all equations...
Building and optimizing final netlist ...
Found area constraint ratio of 100 (+ 5) on block DEM_8bit_2Speed, actual ratio is 0.

Final Macro Processing ...

=========================================================================
Final Register Report

Macro Statistics
# Registers                                            : 34
 Flip-Flops                                            : 34

=========================================================================

=========================================================================
*                           Partition Report                            *
=========================================================================

Partition Implementation Status
-------------------------------

  No Partitions were found in this design.

-------------------------------

=========================================================================
*                            Final Report                               *
=========================================================================
Final Results
RTL Top Level Output File Name     : DEM_8bit_2Speed.ngr
Top Level Output File Name         : DEM_8bit_2Speed
Output Format                      : NGC
Optimization Goal                  : Speed
Keep Hierarchy                     : No

Design Statistics
# IOs                              : 13

Cell Usage :
# BELS                             : 118
#      GND                         : 1
#      INV                         : 3
#      LUT1                        : 25
#      LUT2                        : 9
#      LUT3                        : 1
#      LUT4                        : 5
#      MUXCY                       : 40
#      VCC                         : 1
#      XORCY                       : 33
# FlipFlops/Latches                : 34
#      FDCE                        : 8
#      FDE                         : 1
#      FDR                         : 24
#      FDS                         : 1
# Clock Buffers                    : 1
#      BUFGP                       : 1
# IO Buffers                       : 12
#      IBUF                        : 4
#      OBUF                        : 8
=========================================================================

Device utilization summary:
---------------------------

Selected Device : 3s500efg320-4 

 Number of Slices:                       23  out of   4656     0%  
 Number of Slice Flip Flops:             34  out of   9312     0%  
 Number of 4 input LUTs:                 43  out of   9312     0%  
 Number of IOs:                          13
 Number of bonded IOBs:                  13  out of    232     5%  
 Number of GCLKs:                         1  out of     24     4%  

---------------------------
Partition Resource Summary:
---------------------------

  No Partitions were found in this design.

---------------------------


=========================================================================
TIMING REPORT

NOTE: THESE TIMING NUMBERS ARE ONLY A SYNTHESIS ESTIMATE.
      FOR ACCURATE TIMING INFORMATION PLEASE REFER TO THE TRACE REPORT
      GENERATED AFTER PLACE-and-ROUTE.

Clock Information:
------------------
-----------------------------------+------------------------+-------+
Clock Signal                       | Clock buffer(FF name)  | Load  |
-----------------------------------+------------------------+-------+
clk                                | BUFGP                  | 26    |
IC1/clkout                         | NONE(IC2/LED8_0)       | 8     |
-----------------------------------+------------------------+-------+
INFO:Xst:2169 - HDL ADVISOR - Some clock signals were not automatically buffered by XST with BUFG/BUFR resources. Please use the buffer_type constraint in order to insert these buffers to the clock signals to help prevent skew problems.

Asynchronous Control Signals Information:
----------------------------------------
-----------------------------------+------------------------+-------+
Control Signal                     | Buffer(FF name)        | Load  |
-----------------------------------+------------------------+-------+
reset                              | IBUF                   | 8     |
-----------------------------------+------------------------+-------+

Timing Summary:
---------------
Speed Grade: -4

   Minimum period: 5.296ns (Maximum Frequency: 188.810MHz)
   Minimum input arrival time before clock: 5.510ns
   Maximum output required time after clock: 4.310ns
   Maximum combinational path delay: No path found

Timing Detail:
--------------
All values displayed in nanoseconds (ns)

=========================================================================
Timing constraint: Default period analysis for Clock 'clk'
  Clock period: 5.296ns (frequency: 188.810MHz)
  Total number of paths / destination ports: 976 / 52
-------------------------------------------------------------------------
Delay:               5.296ns (Levels of Logic = 10)
  Source:            IC1/cnt_1 (FF)
  Destination:       IC1/cnt_0 (FF)
  Source Clock:      clk rising
  Destination Clock: clk rising

  Data Path: IC1/cnt_1 to IC1/cnt_0
                                Gate     Net
    Cell:in->out      fanout   Delay   Delay  Logical Name (Net Name)
    ----------------------------------------  ------------
     FDR:C->Q              2   0.591   0.622  IC1/cnt_1 (IC1/cnt_1)
     LUT4:I0->O            1   0.704   0.000  IC1/Mcompar_clkout_cmp_eq0000_lut<0> (IC1/Mcompar_clkout_cmp_eq0000_lut<0>)
     MUXCY:S->O            1   0.464   0.000  IC1/Mcompar_clkout_cmp_eq0000_cy<0> (IC1/Mcompar_clkout_cmp_eq0000_cy<0>)
     MUXCY:CI->O           1   0.059   0.000  IC1/Mcompar_clkout_cmp_eq0000_cy<1> (IC1/Mcompar_clkout_cmp_eq0000_cy<1>)
     MUXCY:CI->O           1   0.059   0.000  IC1/Mcompar_clkout_cmp_eq0000_cy<2> (IC1/Mcompar_clkout_cmp_eq0000_cy<2>)
     MUXCY:CI->O           1   0.059   0.000  IC1/Mcompar_clkout_cmp_eq0000_cy<3> (IC1/Mcompar_clkout_cmp_eq0000_cy<3>)
     MUXCY:CI->O           1   0.059   0.000  IC1/Mcompar_clkout_cmp_eq0000_cy<4> (IC1/Mcompar_clkout_cmp_eq0000_cy<4>)
     MUXCY:CI->O           1   0.059   0.000  IC1/Mcompar_clkout_cmp_eq0000_cy<5> (IC1/Mcompar_clkout_cmp_eq0000_cy<5>)
     MUXCY:CI->O           1   0.059   0.000  IC1/Mcompar_clkout_cmp_eq0000_cy<6> (IC1/Mcompar_clkout_cmp_eq0000_cy<6>)
     MUXCY:CI->O           1   0.059   0.000  IC1/Mcompar_clkout_cmp_eq0000_cy<7> (IC1/Mcompar_clkout_cmp_eq0000_cy<7>)
     MUXCY:CI->O          26   0.331   1.260  IC1/Mcompar_clkout_cmp_eq0000_cy<8> (IC1/Mcompar_clkout_cmp_eq0000_cy<8>)
     FDS:S                     0.911          IC1/cnt_0
    ----------------------------------------
    Total                      5.296ns (3.414ns logic, 1.882ns route)
                                       (64.5% logic, 35.5% route)

=========================================================================
Timing constraint: Default period analysis for Clock 'IC1/clkout'
  Clock period: 3.847ns (frequency: 259.943MHz)
  Total number of paths / destination ports: 64 / 8
-------------------------------------------------------------------------
Delay:               3.847ns (Levels of Logic = 9)
  Source:            IC2/LED8_0 (FF)
  Destination:       IC2/LED8_7 (FF)
  Source Clock:      IC1/clkout rising
  Destination Clock: IC1/clkout rising

  Data Path: IC2/LED8_0 to IC2/LED8_7
                                Gate     Net
    Cell:in->out      fanout   Delay   Delay  Logical Name (Net Name)
    ----------------------------------------  ------------
     FDCE:C->Q             2   0.591   0.622  IC2/LED8_0 (IC2/LED8_0)
     LUT2:I0->O            1   0.704   0.000  IC2/Mcount_LED8_lut<0> (IC2/Mcount_LED8_lut<0>)
     MUXCY:S->O            1   0.464   0.000  IC2/Mcount_LED8_cy<0> (IC2/Mcount_LED8_cy<0>)
     MUXCY:CI->O           1   0.059   0.000  IC2/Mcount_LED8_cy<1> (IC2/Mcount_LED8_cy<1>)
     MUXCY:CI->O           1   0.059   0.000  IC2/Mcount_LED8_cy<2> (IC2/Mcount_LED8_cy<2>)
     MUXCY:CI->O           1   0.059   0.000  IC2/Mcount_LED8_cy<3> (IC2/Mcount_LED8_cy<3>)
     MUXCY:CI->O           1   0.059   0.000  IC2/Mcount_LED8_cy<4> (IC2/Mcount_LED8_cy<4>)
     MUXCY:CI->O           1   0.059   0.000  IC2/Mcount_LED8_cy<5> (IC2/Mcount_LED8_cy<5>)
     MUXCY:CI->O           0   0.059   0.000  IC2/Mcount_LED8_cy<6> (IC2/Mcount_LED8_cy<6>)
     XORCY:CI->O           1   0.804   0.000  IC2/Mcount_LED8_xor<7> (Result<7>)
     FDCE:D                    0.308          IC2/LED8_7
    ----------------------------------------
    Total                      3.847ns (3.225ns logic, 0.622ns route)
                                       (83.8% logic, 16.2% route)

=========================================================================
Timing constraint: Default OFFSET IN BEFORE for Clock 'clk'
  Total number of paths / destination ports: 52 / 26
-------------------------------------------------------------------------
Offset:              5.510ns (Levels of Logic = 4)
  Source:            speed (PAD)
  Destination:       IC1/cnt_0 (FF)
  Destination Clock: clk rising

  Data Path: speed to IC1/cnt_0
                                Gate     Net
    Cell:in->out      fanout   Delay   Delay  Logical Name (Net Name)
    ----------------------------------------  ------------
     IBUF:I->O             2   1.218   0.622  speed_IBUF (speed_IBUF)
     LUT3:I0->O            1   0.704   0.000  IC1/Mcompar_clkout_cmp_eq0000_lut<7> (IC1/Mcompar_clkout_cmp_eq0000_lut<7>)
     MUXCY:S->O            1   0.464   0.000  IC1/Mcompar_clkout_cmp_eq0000_cy<7> (IC1/Mcompar_clkout_cmp_eq0000_cy<7>)
     MUXCY:CI->O          26   0.331   1.260  IC1/Mcompar_clkout_cmp_eq0000_cy<8> (IC1/Mcompar_clkout_cmp_eq0000_cy<8>)
     FDS:S                     0.911          IC1/cnt_0
    ----------------------------------------
    Total                      5.510ns (3.628ns logic, 1.882ns route)
                                       (65.8% logic, 34.2% route)

=========================================================================
Timing constraint: Default OFFSET IN BEFORE for Clock 'IC1/clkout'
  Total number of paths / destination ports: 52 / 16
-------------------------------------------------------------------------
Offset:              4.751ns (Levels of Logic = 10)
  Source:            UD (PAD)
  Destination:       IC2/LED8_7 (FF)
  Destination Clock: IC1/clkout rising

  Data Path: UD to IC2/LED8_7
                                Gate     Net
    Cell:in->out      fanout   Delay   Delay  Logical Name (Net Name)
    ----------------------------------------  ------------
     IBUF:I->O             9   1.218   0.899  UD_IBUF (UD_IBUF)
     LUT2:I1->O            1   0.704   0.000  IC2/Mcount_LED8_lut<0> (IC2/Mcount_LED8_lut<0>)
     MUXCY:S->O            1   0.464   0.000  IC2/Mcount_LED8_cy<0> (IC2/Mcount_LED8_cy<0>)
     MUXCY:CI->O           1   0.059   0.000  IC2/Mcount_LED8_cy<1> (IC2/Mcount_LED8_cy<1>)
     MUXCY:CI->O           1   0.059   0.000  IC2/Mcount_LED8_cy<2> (IC2/Mcount_LED8_cy<2>)
     MUXCY:CI->O           1   0.059   0.000  IC2/Mcount_LED8_cy<3> (IC2/Mcount_LED8_cy<3>)
     MUXCY:CI->O           1   0.059   0.000  IC2/Mcount_LED8_cy<4> (IC2/Mcount_LED8_cy<4>)
     MUXCY:CI->O           1   0.059   0.000  IC2/Mcount_LED8_cy<5> (IC2/Mcount_LED8_cy<5>)
     MUXCY:CI->O           0   0.059   0.000  IC2/Mcount_LED8_cy<6> (IC2/Mcount_LED8_cy<6>)
     XORCY:CI->O           1   0.804   0.000  IC2/Mcount_LED8_xor<7> (Result<7>)
     FDCE:D                    0.308          IC2/LED8_7
    ----------------------------------------
    Total                      4.751ns (3.852ns logic, 0.899ns route)
                                       (81.1% logic, 18.9% route)

=========================================================================
Timing constraint: Default OFFSET OUT AFTER for Clock 'IC1/clkout'
  Total number of paths / destination ports: 8 / 8
-------------------------------------------------------------------------
Offset:              4.310ns (Levels of Logic = 1)
  Source:            IC2/LED8_7 (FF)
  Destination:       LED8<7> (PAD)
  Source Clock:      IC1/clkout rising

  Data Path: IC2/LED8_7 to LED8<7>
                                Gate     Net
    Cell:in->out      fanout   Delay   Delay  Logical Name (Net Name)
    ----------------------------------------  ------------
     FDCE:C->Q             2   0.591   0.447  IC2/LED8_7 (IC2/LED8_7)
     OBUF:I->O                 3.272          LED8_7_OBUF (LED8<7>)
    ----------------------------------------
    Total                      4.310ns (3.863ns logic, 0.447ns route)
                                       (89.6% logic, 10.4% route)

=========================================================================


Total REAL time to Xst completion: 3.00 secs
Total CPU time to Xst completion: 0.45 secs
 
--> 


Total memory usage is 607904 kilobytes

Number of errors   :    0 (   0 filtered)
Number of warnings :    0 (   0 filtered)
Number of infos    :    1 (   0 filtered)

