Running: /opt/Xilinx/14.7/ISE_DS/ISE/bin/lin64/unwrapped/fuse -intstyle ise -incremental -lib unisims_ver -lib unimacro_ver -lib xilinxcorelib_ver -o /home/ise/IC-and-Systems-Design-Subject/Dem_8bit_1Hz/Dem_8bit_1Hz_Simulation/DEM_8bit_1Hz_tb_isim_beh.exe -prj /home/ise/IC-and-Systems-Design-Subject/Dem_8bit_1Hz/Dem_8bit_1Hz_Simulation/DEM_8bit_1Hz_tb_beh.prj work.DEM_8bit_1Hz_tb work.glbl 
ISim P.20131013 (signature 0xfbc00daa)
Number of CPUs detected in this system: 1
Turning on mult-threading, number of parallel sub-compilation jobs: 0 
Determining compilation order of HDL files
Analyzing Verilog file "/home/ise/IC-and-Systems-Design-Subject/Dem_8bit_1Hz/Dem_8bit_1Hz_Simulation/../design.v" into library work
Analyzing Verilog file "/home/ise/IC-and-Systems-Design-Subject/Dem_8bit_1Hz/Dem_8bit_1Hz_Simulation/../testbench.v" into library work
Analyzing Verilog file "/opt/Xilinx/14.7/ISE_DS/ISE//verilog/src/glbl.v" into library work
Starting static elaboration
Completed static elaboration
Fuse Memory Usage: 94928 KB
Fuse CPU Usage: 850 ms
Compiling module CK_DIV
Compiling module DEM_8bit
Compiling module DEM_8bit_1Hz
Compiling module DEM_8bit_1Hz_tb
Compiling module glbl
Time Resolution for simulation is 1ps.
Compiled 5 Verilog Units
Built simulation executable /home/ise/IC-and-Systems-Design-Subject/Dem_8bit_1Hz/Dem_8bit_1Hz_Simulation/DEM_8bit_1Hz_tb_isim_beh.exe
Fuse Memory Usage: 98040 KB
Fuse CPU Usage: 910 ms
GCC CPU Usage: 250 ms
